// Jest Snapshot v1, https://goo.gl/fbAQLP

exports[`paintMaze() with stringPainter accepts custom printer 1`] = `
"+----++----+
| 00 || 10 |
+----++----+
+----++----+
| 01 || 11 |
+----++----+
"
`;

exports[`paintMaze() with stringPainter creates a bigger maze 1`] = `
" 00  10  20  30  40 
 01  11  21  31  41 
 02  12  22  32  42 
 03  13  23  33  43 
"
`;

exports[`paintMaze() with stringPainter creates a maze 1`] = `
" 00  10 
 01  11 
"
`;

exports[`paintMaze() with stringPainter prints the walls with appropriate printer 1`] = `
"+---+---+---+---+---+---+---+---+---+---+
|   |       |       |   |               |
+   +---+   +---+   +   +---+---+---+   +
|   |   |   |               |       |   |
+   +   +   +---+---+---+   +---+   +   +
|       |   |               |   |       |
+---+   +   +---+---+---+   +   +---+   +
|       |   |               |   |       |
+---+   +   +---+---+---+   +   +---+   +
|           |       |                   |
+---+---+   +---+   +---+---+---+---+   +
|   |   |   |       |       |   |       |
+   +   +   +---+   +---+   +   +---+   +
|           |   |   |       |       |   |
+---+---+   +   +   +---+   +---+   +   +
|           |       |   |       |       |
+---+---+   +---+   +   +---+   +---+   +
|       |   |   |           |   |       |
+---+   +   +   +---+---+   +   +---+   +
|                                       |
+---+---+---+---+---+---+---+---+---+---+
"
`;
